1. git init

2.GracoSoft@DESKTOP-QRGRU1I MINGW64 ~/Desktop/libro (master)
$ git status
On branch master

No commits yet

Untracked files:
  (use "git add <file>..." to include in what will be committed)
        Ejercicio2LuisGarcia.txt

nothing added to commit but untracked files present (use "git add" to track)

a) se creo el fichero indice.txt

b) GracoSoft@DESKTOP-QRGRU1I MINGW64 ~/Desktop/libro (master)
$ git status
On branch master

No commits yet

Untracked files:
  (use "git add <file>..." to include in what will be committed)
        Ejercicio2LuisGarcia.txt
        indice.txt

nothing added to commit but untracked files present (use "git add" to track)

c) GracoSoft@DESKTOP-QRGRU1I MINGW64 ~/Desktop/libro (master)
$ git add indice.txt

d) GracoSoft@DESKTOP-QRGRU1I MINGW64 ~/Desktop/libro (master)
$ git status
On branch master

No commits yet

Changes to be committed:
  (use "git rm --cached <file>..." to unstage)
        new file:   indice.txt

Untracked files:
  (use "git add <file>..." to include in what will be committed)
        Ejercicio2LuisGarcia.txt

3. GracoSoft@DESKTOP-QRGRU1I MINGW64 ~/Desktop/libro (master)
$ git commit -am "Añadido indice del libro"
[master (root-commit) dfb305d] Añadido indice del libro
 1 file changed, 3 insertions(+)
 create mode 100644 indice.txt

GracoSoft@DESKTOP-QRGRU1I MINGW64 ~/Desktop/libro (master)
$ git status
On branch master
Untracked files:
  (use "git add <file>..." to include in what will be committed)
        Ejercicio2LuisGarcia.txt

nothing added to commit but untracked files present (use "git add" to track)

4. Se cambio el contenido del indice.txt

a) GracoSoft@DESKTOP-QRGRU1I MINGW64 ~/Desktop/libro (master)
$ git diff
diff --git a/indice.txt b/indice.txt
index ece388e..7a2e65d 100644
--- a/indice.txt
+++ b/indice.txt
@@ -1,3 +1,4 @@
 i. Capítulo 1: Introducción a Git
 ii. Capítulo 2: Flujo de trabajo básico
 iii. Capítulo 3: Gestión de ramas
+iv. Capitulo 4: Repositorios remotos

b) GracoSoft@DESKTOP-QRGRU1I MINGW64 ~/Desktop/libro (master)
$ git add .

GracoSoft@DESKTOP-QRGRU1I MINGW64 ~/Desktop/libro (master)
$ git commit -am "Añadido capitulo 3 sobre gestion de ramas"
[master 2c14d66] Añadido capitulo 3 sobre gestion de ramas
 2 files changed, 1 insertion(+)
 create mode 100644 Ejercicio2LuisGarcia.txt

5. GracoSoft@DESKTOP-QRGRU1I MINGW64 ~/Desktop/libro (master)
$ git log --oneline
2c14d66 (HEAD -> master) Añadido capitulo 3 sobre gestion de ramas
dfb305d Añadido indice del libro

Se creo la carpeta y el documento de texto

GracoSoft@DESKTOP-QRGRU1I MINGW64 ~/Desktop/libro/capitulos (master)
$ git add .

GracoSoft@DESKTOP-QRGRU1I MINGW64 ~/Desktop/libro/capitulos (master)
$ git commit -am "Añadido capitulo 1"
[master f506c38] Añadido capitulo 1
 2 files changed, 91 insertions(+)
 create mode 100644 capitulos/capitulo1.txt

GracoSoft@DESKTOP-QRGRU1I MINGW64 ~/Desktop/libro/capitulos (master)
$ git log --oneline
f506c38 (HEAD -> master) Añadido capitulo 1
2c14d66 Añadido capitulo 3 sobre gestion de ramas
dfb305d Añadido indice del libro

6. Se creo el archivo .txt

GracoSoft@DESKTOP-QRGRU1I MINGW64 ~/Desktop/libro/capitulos (master)
$ git add .

GracoSoft@DESKTOP-QRGRU1I MINGW64 ~/Desktop/libro/capitulos (master)
$ git commit -am "Añadido capitulo 2"
[master c38fb83] Añadido capitulo 2
 2 files changed, 28 insertions(+)
 create mode 100644 capitulos/capitulo2.txt

GracoSoft@DESKTOP-QRGRU1I MINGW64 ~/Desktop/libro (master)
$ git log --oneline
c38fb83 (HEAD -> master) Añadido capitulo 2
f506c38 Añadido capitulo 1
a5a1369 nada
2c14d66 Añadido capitulo 3 sobre gestion de ramas
dfb305d Añadido indice del libro

GracoSoft@DESKTOP-QRGRU1I MINGW64 ~/Desktop/libro (master)
$ git diff f506c38 c38fb83
diff --git a/Ejercicio2LuisGarcia.txt b/Ejercicio2LuisGarcia.txt
index 63c34fe..dc3abce 100644
--- a/Ejercicio2LuisGarcia.txt
+++ b/Ejercicio2LuisGarcia.txt
@@ -87,3 +87,27 @@ $ git log --oneline
 2c14d66 (HEAD -> master) Añadido capitulo 3 sobre gestion de ramas
 dfb305d Añadido indice del libro

+Se creo la carpeta y el documento de texto
+
+GracoSoft@DESKTOP-QRGRU1I MINGW64 ~/Desktop/libro/capitulos (master)
+$ git add .
+
+GracoSoft@DESKTOP-QRGRU1I MINGW64 ~/Desktop/libro/capitulos (master)
+$ git commit -am "Añadido capitulo 1"
+[master f506c38] Añadido capitulo 1
+ 2 files changed, 91 insertions(+)
+ create mode 100644 capitulos/capitulo1.txt
+
+GracoSoft@DESKTOP-QRGRU1I MINGW64 ~/Desktop/libro/capitulos (master)
+$ git log --oneline
+f506c38 (HEAD -> master) Añadido capitulo 1
+2c14d66 Añadido capitulo 3 sobre gestion de ramas
+dfb305d Añadido indice del libro
+
+6. Se creo el archivo .txt
+
+GracoSoft@DESKTOP-QRGRU1I MINGW64 ~/Desktop/libro/capitulos (master)
+$ git add .

7. Se creo el archivo .txt

GracoSoft@DESKTOP-QRGRU1I MINGW64 ~/Desktop/libro (master)
$ git add .

GracoSoft@DESKTOP-QRGRU1I MINGW64 ~/Desktop/libro (master)
$ git commit -am "Añadido capitulo 3"
[master 73a3b13] Añadido capitulo 3
 1 file changed, 2 insertions(+)
 create mode 100644 capitulos/capitulo3.txt

GracoSoft@DESKTOP-QRGRU1I MINGW64 ~/Desktop/libro (master)
$ git log --oneline
73a3b13 (HEAD -> master) Añadido capitulo 3
c38fb83 Añadido capitulo 2
f506c38 Añadido capitulo 1
a5a1369 nada
2c14d66 Añadido capitulo 3 sobre gestion de ramas
dfb305d Añadido indice del libro

GracoSoft@DESKTOP-QRGRU1I MINGW64 ~/Desktop/libro (master)
$ git diff dfb305d 73a3b13
diff --git a/Ejercicio2LuisGarcia.txt b/Ejercicio2LuisGarcia.txt
new file mode 100644
index 0000000..dc3abce
--- /dev/null
+++ b/Ejercicio2LuisGarcia.txt
@@ -0,0 +1,113 @@
+1. git init
+
+2.GracoSoft@DESKTOP-QRGRU1I MINGW64 ~/Desktop/libro (master)
+$ git status
+On branch master
+
+No commits yet
+
+Untracked files:
+  (use "git add <file>..." to include in what will be committed)
+        Ejercicio2LuisGarcia.txt
+
+nothing added to commit but untracked files present (use "git add" to track)
+
+a) se creo el fichero indice.txt
+
+b) GracoSoft@DESKTOP-QRGRU1I MINGW64 ~/Desktop/libro (master)
+$ git status
+On branch master
+
+No commits yet
+
+Untracked files:
+  (use "git add <file>..." to include in what will be committed)
+        Ejercicio2LuisGarcia.txt
+        indice.txt
+
+nothing added to commit but untracked files present (use "git add" to track)
+
+c) GracoSoft@DESKTOP-QRGRU1I MINGW64 ~/Desktop/libro (master)
+$ git add indice.txt
+
+d) GracoSoft@DESKTOP-QRGRU1I MINGW64 ~/Desktop/libro (master)
+$ git status
+On branch master
+
+No commits yet
+
+Changes to be committed:
+  (use "git rm --cached <file>..." to unstage)
+        new file:   indice.txt
+
+Untracked files:
+  (use "git add <file>..." to include in what will be committed)
+        Ejercicio2LuisGarcia.txt
+
+3. GracoSoft@DESKTOP-QRGRU1I MINGW64 ~/Desktop/libro (master)
+$ git commit -am "Añadido indice del libro"
+[master (root-commit) dfb305d] Añadido indice del libro
+ 1 file changed, 3 insertions(+)
+ create mode 100644 indice.txt
+
+GracoSoft@DESKTOP-QRGRU1I MINGW64 ~/Desktop/libro (master)
+$ git status
+On branch master
+Untracked files:
+  (use "git add <file>..." to include in what will be committed)
+        Ejercicio2LuisGarcia.txt
+
+nothing added to commit but untracked files present (use "git add" to track)
+
+4. Se cambio el contenido del indice.txt
+
+a) GracoSoft@DESKTOP-QRGRU1I MINGW64 ~/Desktop/libro (master)
+$ git diff
+diff --git a/indice.txt b/indice.txt
+index ece388e..7a2e65d 100644
+--- a/indice.txt
++++ b/indice.txt
+@@ -1,3 +1,4 @@
+ i. Capítulo 1: Introducción a Git
+ ii. Capítulo 2: Flujo de trabajo básico
+ iii. Capítulo 3: Gestión de ramas
++iv. Capitulo 4: Repositorios remotos
+
+b) GracoSoft@DESKTOP-QRGRU1I MINGW64 ~/Desktop/libro (master)
+$ git add .
+
+GracoSoft@DESKTOP-QRGRU1I MINGW64 ~/Desktop/libro (master)
+$ git commit -am "Añadido capitulo 3 sobre gestion de ramas"
+[master 2c14d66] Añadido capitulo 3 sobre gestion de ramas
+ 2 files changed, 1 insertion(+)
+ create mode 100644 Ejercicio2LuisGarcia.txt
+
+5. GracoSoft@DESKTOP-QRGRU1I MINGW64 ~/Desktop/libro (master)
+$ git log --oneline
+2c14d66 (HEAD -> master) Añadido capitulo 3 sobre gestion de ramas
+dfb305d Añadido indice del libro
+
+Se creo la carpeta y el documento de texto
+
+GracoSoft@DESKTOP-QRGRU1I MINGW64 ~/Desktop/libro/capitulos (master)
+$ git add .
+
+GracoSoft@DESKTOP-QRGRU1I MINGW64 ~/Desktop/libro/capitulos (master)
+$ git commit -am "Añadido capitulo 1"
+[master f506c38] Añadido capitulo 1
+ 2 files changed, 91 insertions(+)
+ create mode 100644 capitulos/capitulo1.txt
+
+GracoSoft@DESKTOP-QRGRU1I MINGW64 ~/Desktop/libro/capitulos (master)
+$ git log --oneline
+f506c38 (HEAD -> master) Añadido capitulo 1
+2c14d66 Añadido capitulo 3 sobre gestion de ramas
+dfb305d Añadido indice del libro
+
+6. Se creo el archivo .txt
+
+GracoSoft@DESKTOP-QRGRU1I MINGW64 ~/Desktop/libro/capitulos (master)
+$ git add .
+
+
+
diff --git a/capitulos/capitulo1.txt b/capitulos/capitulo1.txt
new file mode 100644
index 0000000..4ed6781
--- /dev/null
+++ b/capitulos/capitulo1.txt
@@ -0,0 +1,2 @@
+Git es un sistema de control de versiones ideado por Linus Torvalds.
+Añadir los cambios a la zona de intercambio temporal.
\ No newline at end of file
diff --git a/capitulos/capitulo2.txt b/capitulos/capitulo2.txt
new file mode 100644
index 0000000..f2a72ed
--- /dev/null
+++ b/capitulos/capitulo2.txt
@@ -0,0 +1,4 @@
+El flujo de trabajo básico con Git consiste en:
+1- Hacer cambios en el repositorio.
+2- Añadir los cambios a la zona de intercambio temporal.
+3- Hacer un commit de los cambios.
\ No newline at end of file
diff --git a/capitulos/capitulo3.txt b/capitulos/capitulo3.txt
new file mode 100644
index 0000000..c25d533
--- /dev/null
+++ b/capitulos/capitulo3.txt
@@ -0,0 +1,2 @@
+Git permite la creación de ramas lo que permite tener distintas versiones del
+mismo proyecto y trabajar de manera simultánea en ellas.
\ No newline at end of file
diff --git a/indice.txt b/indice.txt
index ece388e..691a641 100644
--- a/indice.txt
+++ b/indice.txt
@@ -1,3 +1,4 @@
 i. Capítulo 1: Introducción a Git
 ii. Capítulo 2: Flujo de trabajo básico
-iii. Capítulo 3: Repositorios remotos
+iii. Capítulo 3: Gestión de ramas
+iv. Capitulo 4: Repositorios remotos


8. Se modifico el archivo .txt

GracoSoft@DESKTOP-QRGRU1I MINGW64 ~/Desktop/libro (master)
$ git add .

GracoSoft@DESKTOP-QRGRU1I MINGW64 ~/Desktop/libro (master)
$ git commit -am "Añadido capitulo 5 al indice"
[master b2143a4] Añadido capitulo 5 al indice
 2 files changed, 232 insertions(+)

9. Se elimino la ultima linea del archivo .txt

GracoSoft@DESKTOP-QRGRU1I MINGW64 ~/Desktop/libro (master)
$ git status
On branch master
Changes not staged for commit:
  (use "git add <file>..." to update what will be committed)
  (use "git restore <file>..." to discard changes in working directory)
        modified:   Ejercicio2LuisGarcia.txt
        modified:   indice.txt

no changes added to commit (use "git add" and/or "git commit -a")

GracoSoft@DESKTOP-QRGRU1I MINGW64 ~/Desktop/libro (master)
$ git restore indice.txt

GracoSoft@DESKTOP-QRGRU1I MINGW64 ~/Desktop/libro (master)
$ git status
On branch master
Changes not staged for commit:
  (use "git add <file>..." to update what will be committed)
  (use "git restore <file>..." to discard changes in working directory)
        modified:   Ejercicio2LuisGarcia.txt

no changes added to commit (use "git add" and/or "git commit -a")



